------------------------------------------------------------
TimeQuest Timing Analyzer Summary
------------------------------------------------------------

Type  : Slow 1200mV 85C Model Setup 'Sync_Counter:C1|clk_25'
Slack : -1.566
TNS   : -28.353

Type  : Slow 1200mV 85C Model Setup 'clk_main'
Slack : -0.128
TNS   : -0.128

Type  : Slow 1200mV 85C Model Hold 'clk_main'
Slack : 0.054
TNS   : 0.000

Type  : Slow 1200mV 85C Model Hold 'Sync_Counter:C1|clk_25'
Slack : 0.476
TNS   : 0.000

Type  : Slow 1200mV 85C Model Minimum Pulse Width 'clk_main'
Slack : -3.000
TNS   : -4.000

Type  : Slow 1200mV 85C Model Minimum Pulse Width 'Sync_Counter:C1|clk_25'
Slack : -1.000
TNS   : -23.000

Type  : Slow 1200mV 0C Model Setup 'Sync_Counter:C1|clk_25'
Slack : -1.298
TNS   : -23.218

Type  : Slow 1200mV 0C Model Setup 'clk_main'
Slack : 0.020
TNS   : 0.000

Type  : Slow 1200mV 0C Model Hold 'clk_main'
Slack : -0.035
TNS   : -0.035

Type  : Slow 1200mV 0C Model Hold 'Sync_Counter:C1|clk_25'
Slack : 0.417
TNS   : 0.000

Type  : Slow 1200mV 0C Model Minimum Pulse Width 'clk_main'
Slack : -3.000
TNS   : -4.000

Type  : Slow 1200mV 0C Model Minimum Pulse Width 'Sync_Counter:C1|clk_25'
Slack : -1.000
TNS   : -23.000

Type  : Fast 1200mV 0C Model Setup 'Sync_Counter:C1|clk_25'
Slack : -0.429
TNS   : -5.520

Type  : Fast 1200mV 0C Model Setup 'clk_main'
Slack : 0.104
TNS   : 0.000

Type  : Fast 1200mV 0C Model Hold 'clk_main'
Slack : 0.055
TNS   : 0.000

Type  : Fast 1200mV 0C Model Hold 'Sync_Counter:C1|clk_25'
Slack : 0.260
TNS   : 0.000

Type  : Fast 1200mV 0C Model Minimum Pulse Width 'clk_main'
Slack : -3.000
TNS   : -4.104

Type  : Fast 1200mV 0C Model Minimum Pulse Width 'Sync_Counter:C1|clk_25'
Slack : -1.000
TNS   : -23.000

------------------------------------------------------------
